2025-05-08 12:42:00 | INFO | repo=Ehviewer_CN_SXJ | action=commit
2025-04-21 14:55:00 | DEBUG | repo=Ehviewer_CN_SXJ | action=test | passed=true
2024-03-11 17:00:00 | INFO | repo=Ehviewer_CN_SXJ | action=commit
2024-04-01 15:28:00 | DEBUG | repo=Ehviewer_CN_SXJ | action=commit
2024-10-20 08:15:00 | INFO | repo=Ehviewer_CN_SXJ | action=edit | files=4
2024-03-13 12:33:00 | INFO | repo=Ehviewer_CN_SXJ | action=commit
2024-02-26 12:21:00 | WARN | repo=Ehviewer_CN_SXJ | action=commit
2024-03-19 09:04:00 | INFO | repo=Ehviewer_CN_SXJ | action=commit
2025-03-16 08:14:00 | INFO | repo=Ehviewer_CN_SXJ | action=commit
2025-10-16 18:32:00 | DEBUG | repo=Ehviewer_CN_SXJ | action=commit
2024-12-07 09:34:00 | DEBUG | repo=Ehviewer_CN_SXJ | action=commit
2025-12-13 18:32:00 | DEBUG | repo=Ehviewer_CN_SXJ | action=commit
2024-04-26 09:07:00 | WARN | repo=Ehviewer_CN_SXJ | action=commit
2024-11-02 13:51:00 | INFO | repo=Ehviewer_CN_SXJ | action=commit
2024-09-20 08:07:00 | WARN | repo=Ehviewer_CN_SXJ | action=commit
2024-04-17 10:20:00 | WARN | repo=Ehviewer_CN_SXJ | action=commit
2024-08-28 11:22:00 | DEBUG | repo=Ehviewer_CN_SXJ | action=commit
2025-08-20 07:44:00 | INFO | repo=Ehviewer_CN_SXJ | action=commit
2025-08-27 08:33:00 | INFO | repo=Ehviewer_CN_SXJ | action=commit
2025-09-22 08:28:00 | INFO | repo=Ehviewer_CN_SXJ | action=commit
2024-10-09 21:49:00 | DEBUG | repo=Ehviewer_CN_SXJ | action=commit
2025-10-23 17:37:00 | DEBUG | repo=Ehviewer_CN_SXJ | action=commit
2025-09-14 18:25:00 | DEBUG | repo=Ehviewer_CN_SXJ | action=commit
2025-06-28 08:43:00 | WARN | repo=Ehviewer_CN_SXJ | action=commit
2025-10-01 07:19:00 | INFO | repo=Ehviewer_CN_SXJ | action=commit
2025-10-16 07:24:00 | WARN | repo=Ehviewer_CN_SXJ | action=commit
2025-06-07 17:20:00 | DEBUG | repo=Ehviewer_CN_SXJ | action=commit
2025-06-08 09:04:00 | INFO | repo=Ehviewer_CN_SXJ | action=commit
2025-04-16 21:37:00 | WARN | repo=Ehviewer_CN_SXJ | action=commit
2025-05-11 15:51:00 | DEBUG | repo=Ehviewer_CN_SXJ | action=commit
2025-03-25 14:49:00 | INFO | repo=Ehviewer_CN_SXJ | action=commit
2025-12-21 18:13:00 | DEBUG | repo=Ehviewer_CN_SXJ | action=commit
2025-12-16 20:08:00 | WARN | repo=Ehviewer_CN_SXJ | action=commit
2025-09-13 07:27:00 | DEBUG | repo=Ehviewer_CN_SXJ | action=commit
2025-11-25 07:24:00 | DEBUG | repo=Ehviewer_CN_SXJ | action=commit
2025-12-19 20:59:00 | WARN | repo=Ehviewer_CN_SXJ | action=commit
2025-09-01 15:44:00 | WARN | repo=Ehviewer_CN_SXJ | action=test | passed=true
2025-08-13 19:58:00 | DEBUG | repo=Ehviewer_CN_SXJ | action=commit
2025-05-04 08:35:00 | INFO | repo=Ehviewer_CN_SXJ | action=test | passed=true
2025-03-01 16:08:00 | WARN | repo=Ehviewer_CN_SXJ | action=commit
2025-08-06 14:40:00 | DEBUG | repo=Ehviewer_CN_SXJ | action=pull
2025-05-06 19:31:00 | INFO | repo=Ehviewer_CN_SXJ | action=commit
2025-02-27 09:00:00 | DEBUG | repo=Ehviewer_CN_SXJ | action=commit
2025-07-02 11:49:00 | WARN | repo=Ehviewer_CN_SXJ | action=commit
2025-07-10 18:25:00 | DEBUG | repo=Ehviewer_CN_SXJ | action=commit
2025-04-25 17:35:00 | DEBUG | repo=Ehviewer_CN_SXJ | action=commit
2025-01-03 18:50:00 | WARN | repo=Ehviewer_CN_SXJ | action=commit
2025-07-21 14:09:00 | DEBUG | repo=Ehviewer_CN_SXJ | action=commit
2025-03-15 07:11:00 | INFO | repo=Ehviewer_CN_SXJ | action=commit
2025-12-16 20:47:00 | DEBUG | repo=Ehviewer_CN_SXJ | action=commit
2025-02-01 10:51:00 | WARN | repo=Ehviewer_CN_SXJ | action=commit
2025-07-08 11:54:00 | DEBUG | repo=Ehviewer_CN_SXJ | action=pull
2025-11-01 11:16:00 | DEBUG | repo=Ehviewer_CN_SXJ | action=commit
2025-09-07 21:47:00 | WARN | repo=Ehviewer_CN_SXJ | action=commit
2025-05-21 21:19:00 | INFO | repo=Ehviewer_CN_SXJ | action=edit | files=3
2025-11-16 20:35:00 | DEBUG | repo=Ehviewer_CN_SXJ | action=test | passed=true
2025-09-27 13:31:00 | DEBUG | repo=Ehviewer_CN_SXJ | action=commit
2025-11-12 11:16:00 | DEBUG | repo=Ehviewer_CN_SXJ | action=edit | files=4
2025-03-20 13:51:00 | WARN | repo=Ehviewer_CN_SXJ | action=edit | files=1
2025-12-28 10:53:00 | WARN | repo=Ehviewer_CN_SXJ | action=commit
2025-07-01 07:00:00 | INFO | repo=Ehviewer_CN_SXJ | action=commit
2025-12-13 15:15:00 | INFO | repo=Ehviewer_CN_SXJ | action=test | passed=true
2025-08-06 21:52:00 | DEBUG | repo=Ehviewer_CN_SXJ | action=pull
2025-08-22 15:25:00 | WARN | repo=Ehviewer_CN_SXJ | action=pull
2025-10-07 11:31:00 | WARN | repo=Ehviewer_CN_SXJ | action=commit
2025-12-19 18:58:00 | WARN | repo=Ehviewer_CN_SXJ | action=commit
2025-10-03 14:57:00 | DEBUG | repo=Ehviewer_CN_SXJ | action=commit
2025-05-20 10:25:00 | WARN | repo=Ehviewer_CN_SXJ | action=test | passed=true
2025-08-14 18:38:00 | INFO | repo=Ehviewer_CN_SXJ | action=edit | files=2
2025-12-10 12:23:00 | INFO | repo=Ehviewer_CN_SXJ | action=commit
2025-06-06 08:41:00 | WARN | repo=Ehviewer_CN_SXJ | action=test | passed=true
2025-07-05 19:22:00 | INFO | repo=Ehviewer_CN_SXJ | action=commit
2025-02-26 16:45:00 | WARN | repo=Ehviewer_CN_SXJ | action=edit | files=1
2025-04-01 08:26:00 | INFO | repo=Ehviewer_CN_SXJ | action=commit
2025-01-06 14:36:00 | DEBUG | repo=Ehviewer_CN_SXJ | action=commit
2025-07-14 19:14:00 | INFO | repo=Ehviewer_CN_SXJ | action=commit
2025-02-01 13:17:00 | DEBUG | repo=Ehviewer_CN_SXJ | action=edit | files=3
2025-03-22 07:50:00 | INFO | repo=Ehviewer_CN_SXJ | action=commit
2025-06-22 20:16:00 | INFO | repo=Ehviewer_CN_SXJ | action=commit
2025-08-26 07:53:00 | WARN | repo=Ehviewer_CN_SXJ | action=commit
2025-07-18 17:33:00 | INFO | repo=Ehviewer_CN_SXJ | action=commit
2025-09-19 20:05:00 | DEBUG | repo=Ehviewer_CN_SXJ | action=commit
2025-07-28 21:38:00 | INFO | repo=Ehviewer_CN_SXJ | action=commit
2025-03-09 13:16:00 | DEBUG | repo=Ehviewer_CN_SXJ | action=commit
2025-06-18 13:21:00 | DEBUG | repo=Ehviewer_CN_SXJ | action=commit
2025-11-11 19:07:00 | DEBUG | repo=Ehviewer_CN_SXJ | action=commit
2025-10-07 18:58:00 | DEBUG | repo=Ehviewer_CN_SXJ | action=commit
2025-01-14 21:49:00 | DEBUG | repo=Ehviewer_CN_SXJ | action=commit
2025-02-14 19:06:00 | DEBUG | repo=Ehviewer_CN_SXJ | action=commit
2025-05-06 20:03:00 | INFO | repo=Ehviewer_CN_SXJ | action=commit
2025-01-20 09:09:00 | INFO | repo=Ehviewer_CN_SXJ | action=commit
2025-11-07 15:56:00 | WARN | repo=Ehviewer_CN_SXJ | action=pull
2025-06-19 20:51:00 | WARN | repo=Ehviewer_CN_SXJ | action=test | passed=true
2025-10-08 14:30:00 | DEBUG | repo=Ehviewer_CN_SXJ | action=commit
2025-07-20 20:49:00 | DEBUG | repo=Ehviewer_CN_SXJ | action=test | passed=true
2025-07-11 13:41:00 | WARN | repo=Ehviewer_CN_SXJ | action=commit
2025-01-19 12:20:00 | DEBUG | repo=Ehviewer_CN_SXJ | action=commit
2025-08-16 09:17:00 | DEBUG | repo=Ehviewer_CN_SXJ | action=edit | files=1
2025-06-09 13:36:00 | INFO | repo=Ehviewer_CN_SXJ | action=commit
2025-03-28 10:59:00 | DEBUG | repo=Ehviewer_CN_SXJ | action=commit
2025-02-25 19:39:00 | DEBUG | repo=Ehviewer_CN_SXJ | action=commit
2025-02-13 17:46:00 | WARN | repo=Ehviewer_CN_SXJ | action=commit
2025-07-19 19:10:00 | WARN | repo=Ehviewer_CN_SXJ | action=edit | files=2
2025-01-02 10:54:00 | INFO | repo=Ehviewer_CN_SXJ | action=pull
2025-10-25 13:47:00 | INFO | repo=Ehviewer_CN_SXJ | action=commit
2025-06-01 13:07:00 | WARN | repo=Ehviewer_CN_SXJ | action=commit
2025-08-01 18:05:00 | DEBUG | repo=Ehviewer_CN_SXJ | action=test | passed=true
2025-02-20 07:35:00 | DEBUG | repo=Ehviewer_CN_SXJ | action=commit
2025-08-23 18:23:00 | WARN | repo=Ehviewer_CN_SXJ | action=test | passed=true
2025-06-19 15:31:00 | INFO | repo=Ehviewer_CN_SXJ | action=commit
2025-12-01 07:38:00 | WARN | repo=Ehviewer_CN_SXJ | action=commit
2025-10-28 13:15:00 | WARN | repo=Ehviewer_CN_SXJ | action=commit
2025-05-06 07:46:00 | INFO | repo=Ehviewer_CN_SXJ | action=test | passed=true
2025-02-15 07:55:00 | DEBUG | repo=Ehviewer_CN_SXJ | action=commit
2025-10-01 21:19:00 | INFO | repo=Ehviewer_CN_SXJ | action=commit
2025-06-17 14:53:00 | WARN | repo=Ehviewer_CN_SXJ | action=commit
2025-05-14 19:52:00 | INFO | repo=Ehviewer_CN_SXJ | action=pull
2025-12-10 18:47:00 | DEBUG | repo=Ehviewer_CN_SXJ | action=commit
2025-08-09 18:06:00 | WARN | repo=Ehviewer_CN_SXJ | action=edit | files=3
2025-03-14 11:20:00 | INFO | repo=Ehviewer_CN_SXJ | action=commit
2025-12-14 13:13:00 | DEBUG | repo=Ehviewer_CN_SXJ | action=test | passed=true
2025-02-07 11:53:00 | WARN | repo=Ehviewer_CN_SXJ | action=commit
2025-05-21 19:42:00 | WARN | repo=Ehviewer_CN_SXJ | action=pull
2025-01-12 15:02:00 | WARN | repo=Ehviewer_CN_SXJ | action=test | passed=true
2025-10-24 13:44:00 | WARN | repo=Ehviewer_CN_SXJ | action=test | passed=true
2025-06-14 10:38:00 | INFO | repo=Ehviewer_CN_SXJ | action=test | passed=true
2025-06-02 15:53:00 | WARN | repo=Ehviewer_CN_SXJ | action=commit
2025-01-25 20:38:00 | WARN | repo=Ehviewer_CN_SXJ | action=commit
2025-04-04 11:15:00 | DEBUG | repo=Ehviewer_CN_SXJ | action=pull
2025-07-15 08:24:00 | DEBUG | repo=Ehviewer_CN_SXJ | action=pull
2025-03-28 12:59:00 | WARN | repo=Ehviewer_CN_SXJ | action=pull
2025-01-03 09:25:00 | DEBUG | repo=Ehviewer_CN_SXJ | action=commit
2025-01-11 09:20:00 | DEBUG | repo=Ehviewer_CN_SXJ | action=pull
2025-04-21 17:26:00 | INFO | repo=Ehviewer_CN_SXJ | action=edit | files=3
2025-05-19 18:35:00 | DEBUG | repo=Ehviewer_CN_SXJ | action=test | passed=true
2025-07-17 21:19:00 | DEBUG | repo=Ehviewer_CN_SXJ | action=commit
2025-06-28 16:15:00 | INFO | repo=Ehviewer_CN_SXJ | action=commit
2025-10-25 20:05:00 | WARN | repo=Ehviewer_CN_SXJ | action=commit
2025-02-28 18:54:00 | INFO | repo=Ehviewer_CN_SXJ | action=commit
2025-09-19 19:58:00 | INFO | repo=Ehviewer_CN_SXJ | action=test | passed=true
2025-02-04 15:54:00 | WARN | repo=Ehviewer_CN_SXJ | action=commit
2025-06-04 08:53:00 | DEBUG | repo=Ehviewer_CN_SXJ | action=pull
2025-05-20 09:50:00 | DEBUG | repo=Ehviewer_CN_SXJ | action=commit
2025-07-26 08:52:00 | WARN | repo=Ehviewer_CN_SXJ | action=test | passed=true
2025-08-03 16:07:00 | DEBUG | repo=Ehviewer_CN_SXJ | action=edit | files=4
2025-12-11 10:49:00 | WARN | repo=Ehviewer_CN_SXJ | action=commit
2025-09-02 11:13:00 | DEBUG | repo=Ehviewer_CN_SXJ | action=commit
2025-05-18 16:25:00 | DEBUG | repo=Ehviewer_CN_SXJ | action=test | passed=true
2025-04-17 13:27:00 | WARN | repo=Ehviewer_CN_SXJ | action=commit
2025-07-19 08:09:00 | WARN | repo=Ehviewer_CN_SXJ | action=commit
2025-10-28 14:39:00 | WARN | repo=Ehviewer_CN_SXJ | action=commit
2025-12-21 12:45:00 | DEBUG | repo=Ehviewer_CN_SXJ | action=commit
2025-04-01 08:18:00 | INFO | repo=Ehviewer_CN_SXJ | action=commit
2025-08-13 17:00:00 | INFO | repo=Ehviewer_CN_SXJ | action=commit
2025-06-23 11:41:00 | WARN | repo=Ehviewer_CN_SXJ | action=pull
2025-09-07 19:31:00 | INFO | repo=Ehviewer_CN_SXJ | action=commit
2025-05-07 11:53:00 | WARN | repo=Ehviewer_CN_SXJ | action=commit
2025-06-19 11:59:00 | WARN | repo=Ehviewer_CN_SXJ | action=commit
2025-09-19 12:36:00 | INFO | repo=Ehviewer_CN_SXJ | action=pull
2025-11-17 09:13:00 | WARN | repo=Ehviewer_CN_SXJ | action=test | passed=true
2025-02-06 14:00:00 | WARN | repo=Ehviewer_CN_SXJ | action=commit
2025-04-04 18:12:00 | DEBUG | repo=Ehviewer_CN_SXJ | action=commit
2025-02-03 14:52:00 | DEBUG | repo=Ehviewer_CN_SXJ | action=commit
2025-07-28 07:39:00 | DEBUG | repo=Ehviewer_CN_SXJ | action=commit
2025-02-04 19:48:00 | INFO | repo=Ehviewer_CN_SXJ | action=commit
2025-07-18 08:14:00 | WARN | repo=Ehviewer_CN_SXJ | action=commit
2025-12-11 20:35:00 | INFO | repo=Ehviewer_CN_SXJ | action=test | passed=true
2025-06-26 17:06:00 | INFO | repo=Ehviewer_CN_SXJ | action=commit
2025-07-11 08:53:00 | DEBUG | repo=Ehviewer_CN_SXJ | action=commit
2025-05-20 20:53:00 | INFO | repo=Ehviewer_CN_SXJ | action=edit | files=5
2025-09-16 21:57:00 | INFO | repo=Ehviewer_CN_SXJ | action=pull
2025-10-06 13:04:00 | INFO | repo=Ehviewer_CN_SXJ | action=commit
2025-08-17 07:52:00 | WARN | repo=Ehviewer_CN_SXJ | action=commit
2025-12-23 14:20:00 | WARN | repo=Ehviewer_CN_SXJ | action=commit
2025-04-21 12:58:00 | INFO | repo=Ehviewer_CN_SXJ | action=commit
2025-02-22 07:54:00 | DEBUG | repo=Ehviewer_CN_SXJ | action=pull
2025-10-16 14:38:00 | DEBUG | repo=Ehviewer_CN_SXJ | action=commit
2025-12-08 08:09:00 | INFO | repo=Ehviewer_CN_SXJ | action=commit
2025-12-04 19:40:00 | WARN | repo=Ehviewer_CN_SXJ | action=commit
2025-08-05 07:16:00 | INFO | repo=Ehviewer_CN_SXJ | action=pull
2025-11-06 18:02:00 | INFO | repo=Ehviewer_CN_SXJ | action=pull
2025-11-07 16:51:00 | WARN | repo=Ehviewer_CN_SXJ | action=pull
2025-06-03 19:34:00 | DEBUG | repo=Ehviewer_CN_SXJ | action=pull
2025-02-23 21:17:00 | WARN | repo=Ehviewer_CN_SXJ | action=test | passed=true
2025-03-19 15:53:00 | WARN | repo=Ehviewer_CN_SXJ | action=test | passed=true
2025-06-05 18:13:00 | INFO | repo=Ehviewer_CN_SXJ | action=test | passed=true
2025-01-11 15:38:00 | INFO | repo=Ehviewer_CN_SXJ | action=edit | files=2
2025-07-15 15:39:00 | DEBUG | repo=Ehviewer_CN_SXJ | action=test | passed=true
2025-03-01 18:53:00 | WARN | repo=Ehviewer_CN_SXJ | action=commit
2025-07-10 07:09:00 | INFO | repo=Ehviewer_CN_SXJ | action=commit
2025-05-07 11:52:00 | DEBUG | repo=Ehviewer_CN_SXJ | action=commit
2025-01-12 17:16:00 | DEBUG | repo=Ehviewer_CN_SXJ | action=commit
2025-03-15 18:08:00 | DEBUG | repo=Ehviewer_CN_SXJ | action=commit
2025-12-09 13:13:00 | DEBUG | repo=Ehviewer_CN_SXJ | action=commit
2025-08-24 21:47:00 | INFO | repo=Ehviewer_CN_SXJ | action=edit | files=2
2025-04-06 16:10:00 | INFO | repo=Ehviewer_CN_SXJ | action=commit
2025-05-24 11:05:00 | INFO | repo=Ehviewer_CN_SXJ | action=commit
2025-08-21 15:00:00 | INFO | repo=Ehviewer_CN_SXJ | action=commit
2025-11-20 12:50:00 | INFO | repo=Ehviewer_CN_SXJ | action=pull
2025-08-13 18:19:00 | INFO | repo=Ehviewer_CN_SXJ | action=test | passed=true
2025-09-26 12:54:00 | INFO | repo=Ehviewer_CN_SXJ | action=commit
2025-02-08 18:15:00 | WARN | repo=Ehviewer_CN_SXJ | action=pull
2025-05-14 19:58:00 | DEBUG | repo=Ehviewer_CN_SXJ | action=commit
2025-10-10 21:50:00 | INFO | repo=Ehviewer_CN_SXJ | action=test | passed=true
2025-12-10 17:56:00 | WARN | repo=Ehviewer_CN_SXJ | action=commit
2025-10-17 21:12:00 | INFO | repo=Ehviewer_CN_SXJ | action=commit
2025-02-17 12:39:00 | INFO | repo=Ehviewer_CN_SXJ | action=commit
2025-03-12 15:08:00 | INFO | repo=Ehviewer_CN_SXJ | action=test | passed=true
2025-06-14 21:01:00 | INFO | repo=Ehviewer_CN_SXJ | action=edit | files=1
2025-03-20 07:55:00 | WARN | repo=Ehviewer_CN_SXJ | action=commit
2025-03-01 17:42:00 | INFO | repo=Ehviewer_CN_SXJ | action=commit
2025-08-25 18:37:00 | WARN | repo=Ehviewer_CN_SXJ | action=pull
2025-04-05 21:02:00 | INFO | repo=Ehviewer_CN_SXJ | action=commit
2025-03-17 20:55:00 | WARN | repo=Ehviewer_CN_SXJ | action=commit
2025-12-19 14:02:00 | DEBUG | repo=Ehviewer_CN_SXJ | action=commit
2025-05-22 16:01:00 | DEBUG | repo=Ehviewer_CN_SXJ | action=commit
2025-09-24 07:53:00 | DEBUG | repo=Ehviewer_CN_SXJ | action=pull
2025-03-21 08:28:00 | INFO | repo=Ehviewer_CN_SXJ | action=pull
2025-01-23 16:33:00 | DEBUG | repo=Ehviewer_CN_SXJ | action=commit
2025-09-25 07:38:00 | INFO | repo=Ehviewer_CN_SXJ | action=commit
2025-07-08 12:34:00 | INFO | repo=Ehviewer_CN_SXJ | action=edit | files=4
2025-01-13 20:19:00 | INFO | repo=Ehviewer_CN_SXJ | action=edit | files=2
2025-11-18 10:52:00 | WARN | repo=Ehviewer_CN_SXJ | action=commit
2025-05-17 20:39:00 | DEBUG | repo=Ehviewer_CN_SXJ | action=commit
2025-12-06 21:00:00 | INFO | repo=Ehviewer_CN_SXJ | action=commit
2025-11-16 15:42:00 | INFO | repo=Ehviewer_CN_SXJ | action=commit
2025-10-18 08:47:00 | WARN | repo=Ehviewer_CN_SXJ | action=commit
2025-12-07 07:00:00 | DEBUG | repo=Ehviewer_CN_SXJ | action=commit
2025-07-19 17:48:00 | WARN | repo=Ehviewer_CN_SXJ | action=commit
2025-09-14 07:14:00 | INFO | repo=Ehviewer_CN_SXJ | action=edit | files=2
2025-02-11 14:02:00 | WARN | repo=Ehviewer_CN_SXJ | action=commit
2025-04-21 09:41:00 | DEBUG | repo=Ehviewer_CN_SXJ | action=test | passed=true
2025-11-03 07:33:00 | DEBUG | repo=Ehviewer_CN_SXJ | action=test | passed=true
2025-07-25 08:46:00 | WARN | repo=Ehviewer_CN_SXJ | action=test | passed=true
2025-11-25 17:48:00 | WARN | repo=Ehviewer_CN_SXJ | action=edit | files=3
2025-09-09 08:25:00 | DEBUG | repo=Ehviewer_CN_SXJ | action=commit
2025-10-10 10:51:00 | WARN | repo=Ehviewer_CN_SXJ | action=commit
2025-07-22 10:12:00 | INFO | repo=Ehviewer_CN_SXJ | action=commit
2025-03-23 13:02:00 | DEBUG | repo=Ehviewer_CN_SXJ | action=commit
2025-05-10 20:32:00 | INFO | repo=Ehviewer_CN_SXJ | action=pull
2025-05-25 15:01:00 | DEBUG | repo=Ehviewer_CN_SXJ | action=commit
2025-09-20 14:29:00 | INFO | repo=Ehviewer_CN_SXJ | action=commit
2025-02-06 21:09:00 | WARN | repo=Ehviewer_CN_SXJ | action=commit
